$ tsx pipeline/cli.ts crawl --category durable-workflows
crawl: durable-workflows/temporal/site (16846 chars)
crawl: durable-workflows/temporal/docs (2650 chars)
crawl: durable-workflows/temporal/changelog (10702 chars)
crawl: durable-workflows/temporal/github (3886 chars)
crawl: durable-workflows/temporal/extra-0 (5692 chars)
crawl: durable-workflows/temporal/extra-1 (3124 chars)
crawl: durable-workflows/temporal/extra-2 (20152 chars)
crawl: durable-workflows/temporal/extra-3 (17511 chars)
crawl: durable-workflows/temporal/extra-4 (4569 chars)
crawl: durable-workflows/temporal/extra-5 (11958 chars)
crawl: durable-workflows/temporal/extra-6 (15450 chars)
crawl: durable-workflows/temporal/extra-7 (9162 chars)
crawl: durable-workflows/temporal/extra-8 (2638 chars)
crawl: durable-workflows/temporal/extra-9 (10478 chars)
crawl: durable-workflows/temporal/extra-10 (4035 chars)
crawl: durable-workflows/temporal/extra-11 (1601 chars)
crawl: durable-workflows/temporal/extra-12 (7199 chars)
crawl: durable-workflows/temporal/extra-13 (6716 chars)
crawl: durable-workflows/temporal/extra-14 (23726 chars)
crawl: durable-workflows/temporal/extra-15 (1636 chars)
crawl: durable-workflows/temporal/extra-16 (26879 chars)
crawl: durable-workflows/temporal/extra-17 (8121 chars)
crawl: durable-workflows/temporal/extra-18 (3587 chars)
crawl: durable-workflows/temporal/extra-19 (14224 chars)
crawl: durable-workflows/temporal/extra-20 (7075 chars)
crawl: durable-workflows/inngest/site (12664 chars)
crawl: durable-workflows/inngest/docs (3995 chars)
crawl: durable-workflows/inngest/changelog (34334 chars)
crawl: durable-workflows/inngest/github (8682 chars)
crawl: durable-workflows/inngest/extra-0 (13364 chars)
crawl: durable-workflows/inngest/extra-1 (9200 chars)
crawl: durable-workflows/inngest/extra-2 (6044 chars)
crawl: durable-workflows/inngest/extra-3 (4424 chars)
crawl: durable-workflows/inngest/extra-4 (4733 chars)
crawl: durable-workflows/inngest/extra-5 (10119 chars)
crawl: durable-workflows/inngest/extra-6 (7786 chars)
crawl: durable-workflows/inngest/extra-7 (16294 chars)
crawl: durable-workflows/inngest/extra-8 (11111 chars)
crawl: durable-workflows/inngest/extra-9 (7155 chars)
crawl: durable-workflows/inngest/extra-10 (10450 chars)
crawl: durable-workflows/inngest/extra-11 (4491 chars)
crawl: durable-workflows/inngest/extra-12 (2071 chars)
crawl: durable-workflows/inngest/extra-13 (4012 chars)
crawl: durable-workflows/inngest/extra-14 (19829 chars)
crawl: durable-workflows/inngest/extra-15 (8102 chars)
crawl: durable-workflows/inngest/extra-16 (14869 chars)
crawl: durable-workflows/inngest/extra-17 (17118 chars)
crawl: durable-workflows/inngest/extra-18 (5263 chars)
crawl: durable-workflows/inngest/extra-19 (9426 chars)
crawl: durable-workflows/inngest/extra-20 (7379 chars)
crawl: durable-workflows/inngest/extra-21 (8635 chars)
crawl: durable-workflows/trigger-dev/site (20614 chars)
crawl: durable-workflows/trigger-dev/docs (9011 chars)
crawl: durable-workflows/trigger-dev/changelog (17704 chars)
crawl: durable-workflows/trigger-dev/github (9326 chars)
crawl: durable-workflows/trigger-dev/extra-0 (17371 chars)
crawl: durable-workflows/trigger-dev/extra-1 (22084 chars)
crawl: durable-workflows/trigger-dev/extra-2 (14206 chars)
crawl: durable-workflows/trigger-dev/extra-3 (19224 chars)
crawl: durable-workflows/trigger-dev/extra-4 (14575 chars)
crawl: durable-workflows/trigger-dev/extra-5 (3764 chars)
crawl: durable-workflows/trigger-dev/extra-6 (13142 chars)
crawl: durable-workflows/trigger-dev/extra-7 (10857 chars)
crawl: durable-workflows/trigger-dev/extra-8 (14496 chars)
crawl: durable-workflows/trigger-dev/extra-9 (4541 chars)
crawl: durable-workflows/trigger-dev/extra-10 (9522 chars)
crawl: durable-workflows/trigger-dev/extra-11 (5345 chars)
crawl: durable-workflows/trigger-dev/extra-12 (4838 chars)
crawl: durable-workflows/trigger-dev/extra-13 (5660 chars)
crawl: durable-workflows/trigger-dev/extra-14 (1842 chars)
crawl: durable-workflows/trigger-dev/extra-15 (5642 chars)
crawl: durable-workflows/trigger-dev/extra-16 (8933 chars)
crawl: durable-workflows/trigger-dev/extra-17 (2613 chars)
crawl: durable-workflows/trigger-dev/extra-18 (2602 chars)
crawl: durable-workflows/trigger-dev/extra-19 (8846 chars)
crawl: durable-workflows/restate/site (9713 chars)
crawl: durable-workflows/restate/docs (5679 chars)
crawl: durable-workflows/restate/changelog (72574 chars)
crawl: durable-workflows/restate/github (7062 chars)
crawl: durable-workflows/restate/extra-0 (9271 chars)
crawl: durable-workflows/restate/extra-1 (7018 chars)
crawl: durable-workflows/restate/extra-2 (5274 chars)
crawl: durable-workflows/restate/extra-3 (25999 chars)
crawl: durable-workflows/restate/extra-4 (4007 chars)
crawl: durable-workflows/restate/extra-5 (8806 chars)
crawl: durable-workflows/restate/extra-6 (4971 chars)
crawl: durable-workflows/restate/extra-7 (6988 chars)
crawl: durable-workflows/restate/extra-8 (4732 chars)
crawl: durable-workflows/restate/extra-9 (13155 chars)
crawl: durable-workflows/restate/extra-10 (12096 chars)
crawl: durable-workflows/restate/extra-11 (14710 chars)
crawl: durable-workflows/restate/extra-12 (4718 chars)
crawl: durable-workflows/restate/extra-13 (9808 chars)
crawl: durable-workflows/restate/extra-14 (4505 chars)
crawl: durable-workflows/restate/extra-15 (4969 chars)
crawl: durable-workflows/restate/extra-16 (5295 chars)
crawl: durable-workflows/restate/extra-17 (10086 chars)
crawl: durable-workflows/restate/extra-18 (27 chars)
crawl: durable-workflows/restate/extra-19 (154 chars)
crawl: durable-workflows/hatchet/site (26764 chars)
crawl: durable-workflows/hatchet/docs (7655 chars)
crawl: durable-workflows/hatchet/changelog (140662 chars)
crawl: durable-workflows/hatchet/github (9878 chars)
crawl: durable-workflows/hatchet/extra-0 (7247 chars)
crawl: durable-workflows/hatchet/extra-1 (8289 chars)
crawl: durable-workflows/hatchet/extra-2 (18441 chars)
crawl: durable-workflows/hatchet/extra-3 (12180 chars)
crawl: durable-workflows/hatchet/extra-4 (12258 chars)
crawl: durable-workflows/hatchet/extra-5 (7548 chars)
crawl: durable-workflows/hatchet/extra-6 (27776 chars)
crawl: durable-workflows/hatchet/extra-7 (9886 chars)
crawl: durable-workflows/hatchet/extra-8 (9590 chars)
crawl: durable-workflows/hatchet/extra-9 (7754 chars)
crawl: durable-workflows/hatchet/extra-10 (6139 chars)
crawl: durable-workflows/hatchet/extra-11 (6504 chars)
crawl: durable-workflows/hatchet/extra-12 (13334 chars)
crawl: durable-workflows/hatchet/extra-13 (7447 chars)
crawl: durable-workflows/hatchet/extra-14 (4103 chars)
crawl: durable-workflows/hatchet/extra-15 (4641 chars)
crawl: durable-workflows/hatchet/extra-16 (4034 chars)
crawl: durable-workflows/hatchet/extra-17 (15953 chars)
crawl: durable-workflows/hatchet/extra-18 (16 chars)
crawl: durable-workflows/hatchet/extra-19 (2093 chars)
crawl: durable-workflows/dbos/site (22027 chars)
crawl: durable-workflows/dbos/docs (5417 chars)
crawl: durable-workflows/dbos/changelog (29844 chars)
crawl: durable-workflows/dbos/github (13098 chars)
crawl: durable-workflows/dbos/extra-0 (14561 chars)
crawl: durable-workflows/dbos/extra-1 (14313 chars)
crawl: durable-workflows/dbos/extra-2 (9350 chars)
crawl: durable-workflows/dbos/extra-3 (13130 chars)
crawl: durable-workflows/dbos/extra-4 (20057 chars)
crawl: durable-workflows/dbos/extra-5 (9902 chars)
crawl: durable-workflows/dbos/extra-6 (10381 chars)
crawl: durable-workflows/dbos/extra-7 (7349 chars)
crawl: durable-workflows/dbos/extra-8 (7319 chars)
crawl: durable-workflows/dbos/extra-9 (16490 chars)
crawl: durable-workflows/dbos/extra-10 (4101 chars)
crawl: durable-workflows/dbos/extra-11 (2443 chars)
crawl: durable-workflows/dbos/extra-12 (2675 chars)
crawl: durable-workflows/dbos/extra-13 (3574 chars)
crawl: durable-workflows/dbos/extra-14 (7883 chars)
crawl: durable-workflows/dbos/extra-15 (19152 chars)
crawl: durable-workflows/dbos/extra-16 (34574 chars)
crawl: durable-workflows/dbos/extra-17 (14870 chars)
crawl: durable-workflows/dbos/extra-18 (6578 chars)
crawl: durable-workflows/dbos/extra-19 (7501 chars)
