$ tsx pipeline/cli.ts crawl --category ai-support-agents
crawl: ai-support-agents/intercom-fin/site (26783 chars)
crawl: ai-support-agents/intercom-fin/docs (45869 chars)
crawl: ai-support-agents/intercom-fin/changelog (13038 chars)
crawl: ai-support-agents/intercom-fin/github (7912 chars)
crawl: ai-support-agents/intercom-fin/extra-0 (56970 chars)
crawl: ai-support-agents/intercom-fin/extra-1 (55028 chars)
crawl: ai-support-agents/intercom-fin/extra-2 (44711 chars)
crawl: ai-support-agents/intercom-fin/extra-3 (82894 chars)
crawl: ai-support-agents/intercom-fin/extra-4 (43645 chars)
crawl: ai-support-agents/intercom-fin/extra-5 (71666 chars)
crawl: ai-support-agents/intercom-fin/extra-6 (49070 chars)
crawl: ai-support-agents/intercom-fin/extra-7 (65184 chars)
crawl: ai-support-agents/intercom-fin/extra-8 (48368 chars)
crawl: ai-support-agents/intercom-fin/extra-9 (43564 chars)
crawl: ai-support-agents/intercom-fin/extra-10 (55729 chars)
crawl: ai-support-agents/intercom-fin/extra-11 (43807 chars)
crawl: ai-support-agents/intercom-fin/extra-12 (83106 chars)
crawl: ai-support-agents/intercom-fin/extra-13 (55168 chars)
crawl: ai-support-agents/intercom-fin/extra-14 (48413 chars)
crawl: ai-support-agents/intercom-fin/extra-15 (63904 chars)
crawl: ai-support-agents/intercom-fin/extra-16 (52426 chars)
crawl: ai-support-agents/intercom-fin/extra-17 (50361 chars)
crawl: ai-support-agents/intercom-fin/extra-18 (61286 chars)
crawl: ai-support-agents/intercom-fin/extra-19 (19744 chars)
crawl: ai-support-agents/intercom-fin/extra-20 (7202 chars)
crawl: ai-support-agents/intercom-fin/extra-21 (11832 chars)
crawl: ai-support-agents/decagon/site (11858 chars)
crawl: ai-support-agents/decagon/extra-0 (9518 chars)
crawl: ai-support-agents/decagon/extra-1 (9923 chars)
crawl: ai-support-agents/decagon/extra-2 (7695 chars)
crawl: ai-support-agents/decagon/extra-3 (7080 chars)
crawl: ai-support-agents/decagon/extra-4 (8186 chars)
crawl: ai-support-agents/decagon/extra-5 (8600 chars)
crawl: ai-support-agents/decagon/extra-6 (8853 chars)
crawl: ai-support-agents/decagon/extra-7 (8579 chars)
crawl: ai-support-agents/decagon/extra-8 (8914 chars)
crawl: ai-support-agents/decagon/extra-9 (8588 chars)
crawl: ai-support-agents/decagon/extra-10 (8804 chars)
crawl: ai-support-agents/decagon/extra-11 (10447 chars)
crawl: ai-support-agents/decagon/extra-12 (6536 chars)
crawl: ai-support-agents/decagon/extra-13 (12474 chars)
crawl: ai-support-agents/decagon/extra-14 (11853 chars)
crawl: ai-support-agents/decagon/extra-15 (10077 chars)
crawl: ai-support-agents/decagon/extra-16 (9615 chars)
crawl: ai-support-agents/decagon/extra-17 (7356 chars)
crawl: ai-support-agents/decagon/extra-18 (7972 chars)
crawl: ai-support-agents/decagon/extra-19 (5316 chars)
crawl: ai-support-agents/sierra/site (16881 chars)
crawl: ai-support-agents/sierra/extra-0 (3093 chars)
crawl: ai-support-agents/sierra/extra-1 (5214 chars)
crawl: ai-support-agents/sierra/extra-2 (4643 chars)
crawl: ai-support-agents/sierra/extra-3 (6487 chars)
crawl: ai-support-agents/sierra/extra-4 (3811 chars)
crawl: ai-support-agents/sierra/extra-5 (3216 chars)
crawl: ai-support-agents/sierra/extra-6 (4364 chars)
crawl: ai-support-agents/sierra/extra-7 (3045 chars)
crawl: ai-support-agents/sierra/extra-8 (5197 chars)
crawl: ai-support-agents/sierra/extra-9 (4149 chars)
crawl: ai-support-agents/sierra/extra-10 (9721 chars)
crawl: ai-support-agents/sierra/extra-11 (11191 chars)
crawl: ai-support-agents/sierra/extra-12 (9159 chars)
crawl: ai-support-agents/sierra/extra-13 (8729 chars)
crawl: ai-support-agents/sierra/extra-14 (8225 chars)
crawl: ai-support-agents/sierra/extra-15 (8802 chars)
crawl: ai-support-agents/sierra/extra-16 (7662 chars)
crawl: ai-support-agents/sierra/extra-17 (16977 chars)
crawl: ai-support-agents/sierra/extra-18 (2614 chars)
crawl: ai-support-agents/sierra/extra-19 (6061 chars)
crawl: ai-support-agents/sierra/extra-20 (4824 chars)
crawl: ai-support-agents/sierra/extra-21 (6741 chars)
crawl: ai-support-agents/sierra/extra-22 (8171 chars)
crawl: ai-support-agents/pylon/site (20884 chars)
crawl: ai-support-agents/pylon/docs (9807 chars)
crawl: ai-support-agents/pylon/changelog (211001 chars)
crawl: ai-support-agents/pylon/extra-0 (9596 chars)
crawl: ai-support-agents/pylon/extra-1 (11163 chars)
crawl: ai-support-agents/pylon/extra-2 (13910 chars)
crawl: ai-support-agents/pylon/extra-3 (10014 chars)
crawl: ai-support-agents/pylon/extra-4 (10037 chars)
crawl: ai-support-agents/pylon/extra-5 (9787 chars)
crawl: ai-support-agents/pylon/extra-6 (9954 chars)
crawl: ai-support-agents/pylon/extra-7 (11857 chars)
crawl: ai-support-agents/pylon/extra-8 (11053 chars)
crawl: ai-support-agents/pylon/extra-9 (10089 chars)
crawl: ai-support-agents/pylon/extra-10 (9288 chars)
crawl: ai-support-agents/pylon/extra-11 (9040 chars)
crawl: ai-support-agents/pylon/extra-12 (13660 chars)
crawl: ai-support-agents/pylon/extra-13 (9540 chars)
crawl: ai-support-agents/pylon/extra-14 (9562 chars)
crawl: ai-support-agents/pylon/extra-15 (10805 chars)
crawl: ai-support-agents/pylon/extra-16 (13736 chars)
crawl: ai-support-agents/pylon/extra-17 (9107 chars)
crawl: ai-support-agents/pylon/extra-18 (11836 chars)
crawl: ai-support-agents/pylon/extra-19 (9475 chars)
crawl: ai-support-agents/pylon/extra-20 (13360 chars)
crawl: ai-support-agents/pylon/extra-21 (14201 chars)
crawl: ai-support-agents/pylon/extra-22 (11160 chars)
crawl: ai-support-agents/pylon/extra-23 (14168 chars)
crawl: ai-support-agents/lorikeet/site (42338 chars)
crawl: ai-support-agents/lorikeet/docs (280 chars)
crawl: ai-support-agents/lorikeet/changelog (14527 chars)
crawl: ai-support-agents/lorikeet/extra-0 (16950 chars)
crawl: ai-support-agents/lorikeet/extra-1 (26966 chars)
crawl: ai-support-agents/lorikeet/extra-2 (16621 chars)
crawl: ai-support-agents/lorikeet/extra-3 (16995 chars)
crawl: ai-support-agents/lorikeet/extra-4 (16865 chars)
crawl: ai-support-agents/lorikeet/extra-5 (16213 chars)
crawl: ai-support-agents/lorikeet/extra-6 (18710 chars)
crawl: ai-support-agents/lorikeet/extra-7 (16395 chars)
crawl: ai-support-agents/lorikeet/extra-8 (16937 chars)
crawl: ai-support-agents/lorikeet/extra-9 (16332 chars)
crawl: ai-support-agents/lorikeet/extra-10 (48467 chars)
crawl: ai-support-agents/lorikeet/extra-11 (16879 chars)
crawl: ai-support-agents/lorikeet/extra-12 (23775 chars)
crawl: ai-support-agents/lorikeet/extra-13 (17847 chars)
crawl: ai-support-agents/lorikeet/extra-14 (11235 chars)
crawl: ai-support-agents/lorikeet/extra-15 (22639 chars)
crawl: ai-support-agents/lorikeet/extra-16 (8357 chars)
crawl: ai-support-agents/lorikeet/extra-17 (6924 chars)
crawl: ai-support-agents/parahelp/site (12146 chars)
crawl: ai-support-agents/parahelp/docs (3222 chars)
crawl: ai-support-agents/parahelp/changelog (8631 chars)
crawl: ai-support-agents/parahelp/extra-0 (3222 chars)
crawl: ai-support-agents/parahelp/extra-1 (3133 chars)
crawl: ai-support-agents/parahelp/extra-2 (5853 chars)
crawl: ai-support-agents/parahelp/extra-3 (1220 chars)
crawl: ai-support-agents/parahelp/extra-4 (3239 chars)
crawl: ai-support-agents/parahelp/extra-5 (2898 chars)
crawl: ai-support-agents/parahelp/extra-6 (1294 chars)
crawl: ai-support-agents/parahelp/extra-7 (1255 chars)
crawl: ai-support-agents/parahelp/extra-8 (3262 chars)
crawl: ai-support-agents/parahelp/extra-9 (1150 chars)
crawl: ai-support-agents/parahelp/extra-10 (2775 chars)
crawl: ai-support-agents/parahelp/extra-11 (4639 chars)
crawl: ai-support-agents/parahelp/extra-12 (5259 chars)
crawl: ai-support-agents/parahelp/extra-13 (3909 chars)
crawl: ai-support-agents/parahelp/extra-14 (3581 chars)
crawl: ai-support-agents/parahelp/extra-15 (7779 chars)
crawl: ai-support-agents/parahelp/extra-16 (1485 chars)
crawl: ai-support-agents/parahelp/extra-17 (2454 chars)
crawl: ai-support-agents/parahelp/extra-18 (27776 chars)
crawl: ai-support-agents/parahelp/extra-19 (4801 chars)
crawl: ai-support-agents/parahelp/extra-20 (3107 chars)
[ELIFECYCLE] Command failed with exit code 143.
