+ pnpm pipeline crawl --category card-issuing
$ tsx pipeline/cli.ts crawl --category card-issuing
crawl: card-issuing/stripe-issuing/site (21881 chars)
crawl: card-issuing/stripe-issuing/docs (11485 chars)
crawl: card-issuing/stripe-issuing/extra-0 (6162 chars)
crawl: card-issuing/stripe-issuing/extra-1 (9818 chars)
crawl: card-issuing/stripe-issuing/extra-2 (393 chars)
crawl: card-issuing/stripe-issuing/extra-3 (397 chars)
crawl: card-issuing/stripe-issuing/extra-4 (9886 chars)
crawl: card-issuing/stripe-issuing/extra-5 (7567 chars)
crawl: card-issuing/stripe-issuing/extra-6 (12686 chars)
crawl: card-issuing/stripe-issuing/extra-7 (388 chars)
crawl: card-issuing/stripe-issuing/extra-8 (15638 chars)
crawl: card-issuing/stripe-issuing/extra-9 (560 chars)
crawl: card-issuing/stripe-issuing/extra-10 (13843 chars)
crawl: card-issuing/stripe-issuing/extra-11 (6298 chars)
crawl: card-issuing/stripe-issuing/extra-12 (5061 chars)
crawl: card-issuing/stripe-issuing/extra-13 (2746 chars)
crawl: card-issuing/stripe-issuing/extra-14 (23984 chars)
crawl: card-issuing/stripe-issuing/extra-15 (608 chars)
crawl: card-issuing/stripe-issuing/extra-16 (22035 chars)
crawl: card-issuing/lithic/site (12808 chars)
crawl: card-issuing/lithic/docs (4469 chars)
crawl: card-issuing/lithic/extra-0 (16889 chars)
crawl: card-issuing/lithic/extra-1 (15137 chars)
crawl: card-issuing/lithic/extra-2 (4816 chars)
crawl: card-issuing/lithic/extra-3 (38260 chars)
crawl: card-issuing/lithic/extra-4 (5035 chars)
crawl: card-issuing/lithic/extra-5 (36725 chars)
crawl: card-issuing/lithic/extra-6 (4211 chars)
crawl: card-issuing/lithic/extra-7 (3713 chars)
crawl: card-issuing/lithic/extra-8 (24279 chars)
crawl: card-issuing/lithic/extra-9 (11641 chars)
crawl: card-issuing/lithic/extra-10 (10010 chars)
crawl: card-issuing/lithic/extra-11 (8794 chars)
crawl: card-issuing/marqeta/site (5872 chars)
crawl: card-issuing/marqeta/docs (30391 chars)
crawl: card-issuing/marqeta/extra-0 (5595 chars)
crawl: card-issuing/marqeta/extra-1 (708783 chars)
crawl: card-issuing/marqeta/extra-2 (26855 chars)
crawl: card-issuing/marqeta/extra-3 (165199 chars)
crawl: card-issuing/marqeta/extra-4 (113642 chars)
crawl: card-issuing/marqeta/extra-5 (5808403 chars)
crawl: card-issuing/marqeta/extra-6 (186327 chars)
crawl: card-issuing/marqeta/extra-7 (111232 chars)
crawl: card-issuing/marqeta/extra-8 (1477916 chars)
crawl: card-issuing/marqeta/extra-9 (4040 chars)
crawl: card-issuing/marqeta/extra-10 (21728 chars)
crawl: card-issuing/highnote/site (7941 chars)
crawl: card-issuing/highnote/docs (3425 chars)
crawl: card-issuing/highnote/extra-0 (5001 chars)
crawl: card-issuing/highnote/extra-1 (16294 chars)
crawl: card-issuing/highnote/extra-2 (14943 chars)
crawl: card-issuing/highnote/extra-3 (25399 chars)
crawl: card-issuing/highnote/extra-4 (50129 chars)
crawl: card-issuing/highnote/extra-5 (21631 chars)
crawl: card-issuing/highnote/extra-6 (28720 chars)
crawl: card-issuing/highnote/extra-7 (6114 chars)
crawl: card-issuing/highnote/extra-8 (33532 chars)
crawl: card-issuing/highnote/extra-9 (1160 chars)
crawl: card-issuing/highnote/extra-10 (7106 chars)
crawl: card-issuing/highnote/extra-11 (8755 chars)
crawl: card-issuing/adyen-issuing/site (6719 chars)
crawl: card-issuing/adyen-issuing/docs (6280 chars)
crawl: card-issuing/adyen-issuing/extra-0 (4749 chars)
crawl: card-issuing/adyen-issuing/extra-1 (43941 chars)
crawl: card-issuing/adyen-issuing/extra-2 (27511 chars)
crawl: card-issuing/adyen-issuing/extra-3 (10041 chars)
crawl: card-issuing/adyen-issuing/extra-4 (21437 chars)
crawl: card-issuing/adyen-issuing/extra-5 (16130 chars)
crawl: card-issuing/adyen-issuing/extra-6 (17554 chars)
crawl: card-issuing/adyen-issuing/extra-7 (12319 chars)
crawl: card-issuing/adyen-issuing/extra-8 (5514 chars)
crawl: card-issuing/adyen-issuing/extra-9 (72200 chars)
+ pnpm pipeline crawl --category tax-automation
$ tsx pipeline/cli.ts crawl --category tax-automation
crawl: tax-automation/stripe-tax/site (44741 chars)
crawl: tax-automation/stripe-tax/docs (5716 chars)
crawl: tax-automation/stripe-tax/extra-0 (4359 chars)
crawl: tax-automation/stripe-tax/extra-1 (7848 chars)
crawl: tax-automation/stripe-tax/extra-2 (19113 chars)
crawl: tax-automation/stripe-tax/extra-3 (17617 chars)
crawl: tax-automation/stripe-tax/extra-4 (3011 chars)
crawl: tax-automation/stripe-tax/extra-5 (10125 chars)
crawl: tax-automation/stripe-tax/extra-6 (192062 chars)
crawl: tax-automation/stripe-tax/extra-7 (11036 chars)
crawl: tax-automation/stripe-tax/extra-8 (37526 chars)
crawl: tax-automation/stripe-tax/extra-9 (4970 chars)
crawl: tax-automation/stripe-tax/extra-10 (20612 chars)
crawl: tax-automation/stripe-tax/extra-11 (24378 chars)
crawl: tax-automation/stripe-tax/extra-12 (593 chars)
crawl: tax-automation/stripe-tax/extra-13 (23984 chars)
crawl: tax-automation/stripe-tax/extra-14 (608 chars)
crawl: tax-automation/stripe-tax/extra-15 (18630 chars)
crawl: tax-automation/avalara/site (22364 chars)
crawl: tax-automation/avalara/docs (100121 chars)
crawl: tax-automation/avalara/extra-0 (1941 chars)
crawl: tax-automation/avalara/extra-1 (1436859 chars)
crawl: tax-automation/avalara/extra-2 (35582 chars)
crawl: tax-automation/avalara/extra-3 (16011 chars)
crawl: tax-automation/avalara/extra-4 (238 chars)
crawl: tax-automation/avalara/extra-5 (119618 chars)
crawl: tax-automation/avalara/extra-6 (1500 chars)
crawl: tax-automation/avalara/extra-7 (1874 chars)
crawl: tax-automation/avalara/extra-8 (2943 chars)
crawl: tax-automation/avalara/extra-9 (3866 chars)
crawl: tax-automation/avalara/extra-10 (2766 chars)
crawl: tax-automation/avalara/extra-11 (3896 chars)
crawl: tax-automation/anrok/site (25626 chars)
crawl: tax-automation/anrok/docs (86014 chars)
crawl: tax-automation/anrok/extra-0 (154878 chars)
crawl: tax-automation/anrok/extra-1 (4612 chars)
crawl: tax-automation/anrok/extra-2 (5508 chars)
crawl: tax-automation/anrok/extra-3 (5146 chars)
crawl: tax-automation/anrok/extra-4 (14544 chars)
crawl: tax-automation/anrok/extra-5 (16686 chars)
crawl: tax-automation/anrok/extra-6 (18505 chars)
crawl: tax-automation/taxjar/site (12879 chars)
crawl: tax-automation/taxjar/docs (1314 chars)
crawl: tax-automation/taxjar/extra-0 (324988 chars)
crawl: tax-automation/taxjar/extra-1 (24537 chars)
crawl: tax-automation/taxjar/extra-2 (3778 chars)
crawl: tax-automation/taxjar/extra-3 (14312 chars)
crawl: tax-automation/taxjar/extra-4 (12676 chars)
crawl: tax-automation/taxjar/extra-5 (7434 chars)
crawl: tax-automation/taxjar/extra-6 (4566 chars)
crawl: tax-automation/numeral/site (10160 chars)
crawl: tax-automation/numeral/docs (1864 chars)
crawl: tax-automation/numeral/extra-0 (1162 chars)
crawl: tax-automation/numeral/extra-1 (7700 chars)
crawl: tax-automation/numeral/extra-2 (118665 chars)
crawl: tax-automation/numeral/extra-3 (23891 chars)
crawl: tax-automation/numeral/extra-4 (3034 chars)
crawl: tax-automation/numeral/extra-5 (8503 chars)
crawl: tax-automation/numeral/extra-6 (4430 chars)
crawl: tax-automation/numeral/extra-7 (6869 chars)
crawl: tax-automation/numeral/extra-8 (7365 chars)
crawl: tax-automation/numeral/extra-9 (15284 chars)
crawl: tax-automation/numeral/extra-10 (81852 chars)
crawl: tax-automation/numeral/extra-11 (4763 chars)
crawl: tax-automation/kintsugi/site (34507 chars)
crawl: tax-automation/kintsugi/docs (10056 chars)
crawl: tax-automation/kintsugi/extra-0 (10056 chars)
crawl: tax-automation/kintsugi/extra-1 (6634 chars)
crawl: tax-automation/kintsugi/extra-2 (15981 chars)
crawl: tax-automation/kintsugi/extra-3 (14371 chars)
crawl: tax-automation/kintsugi/extra-4 (9430 chars)
crawl: tax-automation/kintsugi/extra-5 (4035 chars)
crawl: tax-automation/kintsugi/extra-6 (13822 chars)
crawl: tax-automation/kintsugi/extra-7 (4994 chars)
crawl: tax-automation/kintsugi/extra-8 (6003 chars)
crawl: tax-automation/kintsugi/extra-9 (3662 chars)
crawl: tax-automation/kintsugi/extra-10 (10300 chars)
crawl: tax-automation/kintsugi/extra-11 (7546 chars)
+ pnpm pipeline crawl --category marketplace-payments
$ tsx pipeline/cli.ts crawl --category marketplace-payments
crawl: marketplace-payments/stripe-connect/site (25456 chars)
crawl: marketplace-payments/stripe-connect/docs (4990 chars)
crawl: marketplace-payments/stripe-connect/extra-0 (3344 chars)
crawl: marketplace-payments/stripe-connect/extra-1 (5316 chars)
crawl: marketplace-payments/stripe-connect/extra-2 (27596 chars)
crawl: marketplace-payments/stripe-connect/extra-3 (17454 chars)
crawl: marketplace-payments/stripe-connect/extra-4 (1264 chars)
crawl: marketplace-payments/stripe-connect/extra-5 (5272 chars)
crawl: marketplace-payments/stripe-connect/extra-6 (16106 chars)
crawl: marketplace-payments/stripe-connect/extra-7 (10475 chars)
crawl: marketplace-payments/stripe-connect/extra-8 (6785 chars)
crawl: marketplace-payments/stripe-connect/extra-9 (19405 chars)
crawl: marketplace-payments/stripe-connect/extra-10 (106542 chars)
crawl: marketplace-payments/stripe-connect/extra-11 (502 chars)
crawl: marketplace-payments/stripe-connect/extra-12 (3316 chars)
crawl: marketplace-payments/stripe-connect/extra-13 (7097 chars)
crawl: marketplace-payments/stripe-connect/extra-14 (1966 chars)
crawl: marketplace-payments/stripe-connect/extra-15 (1276 chars)
crawl: marketplace-payments/stripe-connect/extra-16 (23984 chars)
crawl: marketplace-payments/stripe-connect/extra-17 (608 chars)
crawl: marketplace-payments/stripe-connect/extra-18 (21240 chars)
crawl: marketplace-payments/adyen-for-platforms/site (11190 chars)
crawl: marketplace-payments/adyen-for-platforms/docs (7932 chars)
crawl: marketplace-payments/adyen-for-platforms/extra-0 (6504 chars)
crawl: marketplace-payments/adyen-for-platforms/extra-1 (6608 chars)
crawl: marketplace-payments/adyen-for-platforms/extra-2 (16627 chars)
crawl: marketplace-payments/adyen-for-platforms/extra-3 (15980 chars)
crawl: marketplace-payments/adyen-for-platforms/extra-4 (41288 chars)
crawl: marketplace-payments/adyen-for-platforms/extra-5 (11778 chars)
crawl: marketplace-payments/adyen-for-platforms/extra-6 (16018 chars)
crawl: marketplace-payments/adyen-for-platforms/extra-7 (10710 chars)
crawl: marketplace-payments/adyen-for-platforms/extra-8 (113375 chars)
crawl: marketplace-payments/adyen-for-platforms/extra-9 (5662 chars)
crawl: marketplace-payments/adyen-for-platforms/extra-10 (3653 chars)
crawl: marketplace-payments/adyen-for-platforms/extra-11 (4551 chars)
crawl: marketplace-payments/adyen-for-platforms/extra-12 (17259 chars)
crawl: marketplace-payments/finix/site (7284 chars)
crawl: marketplace-payments/finix/docs (4322 chars)
crawl: marketplace-payments/finix/extra-0 (1294 chars)
crawl: marketplace-payments/finix/extra-1 (570 chars)
crawl: marketplace-payments/finix/extra-2 (456 chars)
crawl: marketplace-payments/finix/extra-3 (443 chars)
crawl: marketplace-payments/finix/extra-4 (1348 chars)
crawl: marketplace-payments/finix/extra-5 (1030 chars)
crawl: marketplace-payments/finix/extra-6 (776 chars)
crawl: marketplace-payments/finix/extra-7 (3225 chars)
crawl: marketplace-payments/finix/extra-8 (4802 chars)
crawl: marketplace-payments/finix/extra-9 (8468 chars)
crawl: marketplace-payments/mangopay/site (20068 chars)
crawl: marketplace-payments/mangopay/docs (5233 chars)
crawl: marketplace-payments/mangopay/extra-0 (6173 chars)
crawl: marketplace-payments/mangopay/extra-1 (4895 chars)
crawl: marketplace-payments/mangopay/extra-2 (20291 chars)
crawl: marketplace-payments/mangopay/extra-3 (13859 chars)
crawl: marketplace-payments/mangopay/extra-4 (12401 chars)
crawl: marketplace-payments/mangopay/extra-5 (19009 chars)
crawl: marketplace-payments/mangopay/extra-6 (8274 chars)
crawl: marketplace-payments/mangopay/extra-7 (68580 chars)
crawl: marketplace-payments/mangopay/extra-8 (16338 chars)
crawl: marketplace-payments/rainforest/site (7005 chars)
crawl: marketplace-payments/rainforest/docs (3315 chars)
crawl: marketplace-payments/rainforest/extra-0 (11235 chars)
crawl: marketplace-payments/rainforest/extra-1 (180819 chars)
crawl: marketplace-payments/rainforest/extra-2 (7754 chars)
crawl: marketplace-payments/rainforest/extra-3 (6783 chars)
crawl: marketplace-payments/rainforest/extra-4 (8965 chars)
crawl: marketplace-payments/rainforest/extra-5 (14702 chars)
crawl: marketplace-payments/rainforest/extra-6 (2178 chars)
crawl: marketplace-payments/rainforest/extra-7 (2230 chars)
crawl: marketplace-payments/rainforest/extra-8 (49741 chars)
crawl: marketplace-payments/rainforest/extra-9 (6161 chars)
crawl: marketplace-payments/tilled/site (4562 chars)
crawl: marketplace-payments/tilled/docs (596 chars)
crawl: marketplace-payments/tilled/extra-0 (5095 chars)
crawl: marketplace-payments/tilled/extra-1 (6031 chars)
crawl: marketplace-payments/tilled/extra-2 (7502 chars)
crawl: marketplace-payments/tilled/extra-3 (9791 chars)
crawl: marketplace-payments/tilled/extra-4 (7213 chars)
crawl: marketplace-payments/tilled/extra-5 (10189 chars)
crawl: marketplace-payments/tilled/extra-6 (9650 chars)
crawl: marketplace-payments/tilled/extra-7 (10808 chars)
crawl: marketplace-payments/tilled/extra-8 (5585 chars)
crawl: marketplace-payments/tilled/extra-9 (61557 chars)
+ echo CRAWL_THREE_DONE
CRAWL_THREE_DONE
