+ pnpm pipeline extract --category card-issuing
$ tsx pipeline/cli.ts extract --category card-issuing
extract: card-issuing/stripe-issuing → 16 candidate stories, 16 evidence items
extract: card-issuing/lithic → 13 candidate stories, 13 evidence items
extract: card-issuing/marqeta → 18 candidate stories, 18 evidence items
extract: card-issuing/highnote → 25 candidate stories, 25 evidence items
extract: card-issuing/adyen-issuing → 14 candidate stories, 14 evidence items
+ pnpm pipeline extract --category tax-automation
$ tsx pipeline/cli.ts extract --category tax-automation
extract: tax-automation/stripe-tax → 14 candidate stories, 14 evidence items
extract: tax-automation/avalara → 13 candidate stories, 13 evidence items
extract: tax-automation/anrok → 21 candidate stories, 21 evidence items
extract: tax-automation/taxjar → 10 candidate stories, 10 evidence items
extract: tax-automation/numeral → 16 candidate stories, 16 evidence items
extract: tax-automation/kintsugi → 15 candidate stories, 15 evidence items
+ pnpm pipeline extract --category marketplace-payments
$ tsx pipeline/cli.ts extract --category marketplace-payments
extract: marketplace-payments/stripe-connect → 18 candidate stories, 18 evidence items
extract: marketplace-payments/adyen-for-platforms → 20 candidate stories, 20 evidence items
extract: marketplace-payments/finix → 26 candidate stories, 26 evidence items
extract: marketplace-payments/mangopay → 20 candidate stories, 20 evidence items
extract: marketplace-payments/rainforest → 16 candidate stories, 16 evidence items
extract: marketplace-payments/tilled → 16 candidate stories, 16 evidence items
+ echo EXTRACT_THREE_DONE
EXTRACT_THREE_DONE
