judge: card-issuing/stripe-issuing:digital-wallet-provisioning → partial q4
judge: matrix incomplete for card-issuing — missing lithic:agentic-agent-docs; not writing verdicts.json
judge: card-issuing/lithic:digital-wallet-provisioning → none q0
judge: matrix incomplete for card-issuing — missing marqeta:agentic-agent-docs; not writing verdicts.json
judge: card-issuing/marqeta:digital-wallet-provisioning → none q0
judge: matrix incomplete for card-issuing — missing highnote:agentic-agent-docs; not writing verdicts.json
judge: card-issuing/highnote:digital-wallet-provisioning → none q0
judge: matrix incomplete for card-issuing — missing adyen-issuing:agentic-agent-docs; not writing verdicts.json
judge: card-issuing/adyen-issuing:digital-wallet-provisioning → none q0
judge: wrote 265 verdicts for card-issuing
JUDGE_CARD_ISSUING_DONE
judge: tax-automation/stripe-tax:liability-reporting → partial q5
judge: matrix incomplete for tax-automation — missing avalara:agentic-agent-docs; not writing verdicts.json
judge: tax-automation/avalara:liability-reporting → partial q3
judge: matrix incomplete for tax-automation — missing anrok:agentic-agent-docs; not writing verdicts.json
judge: tax-automation/anrok:liability-reporting → partial q5
judge: matrix incomplete for tax-automation — missing taxjar:agentic-agent-docs; not writing verdicts.json
judge: tax-automation/taxjar:liability-reporting → partial q3
judge: matrix incomplete for tax-automation — missing numeral:agentic-agent-docs; not writing verdicts.json
judge: tax-automation/numeral:liability-reporting → partial q4
judge: matrix incomplete for tax-automation — missing kintsugi:agentic-agent-docs; not writing verdicts.json
judge: tax-automation/kintsugi:liability-reporting → partial q6
judge: wrote 318 verdicts for tax-automation
JUDGE_TAX_DONE
