+ pnpm pipeline probe --category card-issuing
$ tsx pipeline/cli.ts probe --category card-issuing
probe: card-issuing/stripe-issuing → 5 probe item(s) (4 positive, 1 negative)
probe: card-issuing/lithic → 3 probe item(s) (2 positive, 1 negative)
probe: card-issuing/marqeta → 4 probe item(s) (1 positive, 3 negative)
probe: card-issuing/highnote → 2 probe item(s) (1 positive, 1 negative)
probe: card-issuing/adyen-issuing → 3 probe item(s) (1 positive, 2 negative)
+ pnpm pipeline probe --category tax-automation
$ tsx pipeline/cli.ts probe --category tax-automation
probe: tax-automation/stripe-tax → 5 probe item(s) (4 positive, 1 negative)
probe: tax-automation/avalara → 3 probe item(s) (2 positive, 1 negative)
probe: tax-automation/anrok → 2 probe item(s) (0 positive, 2 negative)
probe: tax-automation/taxjar → 2 probe item(s) (0 positive, 2 negative)
probe: tax-automation/numeral → 3 probe item(s) (2 positive, 1 negative)
probe: tax-automation/kintsugi → 3 probe item(s) (2 positive, 1 negative)
+ pnpm pipeline probe --category marketplace-payments
$ tsx pipeline/cli.ts probe --category marketplace-payments
probe: marketplace-payments/stripe-connect → 5 probe item(s) (4 positive, 1 negative)
probe: marketplace-payments/adyen-for-platforms → 4 probe item(s) (2 positive, 2 negative)
probe: marketplace-payments/finix → 2 probe item(s) (2 positive, 0 negative)
probe: marketplace-payments/mangopay → 3 probe item(s) (3 positive, 0 negative)
probe: marketplace-payments/rainforest → 2 probe item(s) (1 positive, 1 negative)
probe: marketplace-payments/tilled → 0 probe item(s) (0 positive, 0 negative)
+ pnpm pipeline collect-community --category card-issuing
$ tsx pipeline/cli.ts collect-community --category card-issuing
collect-community: card-issuing/stripe-issuing → 2 items from 5 sources
collect-community: card-issuing/lithic → 2 items from 8 sources
collect-community: WARN card-issuing/marqeta → 0 community items qualified (of 3 sources); non-community evidence preserved
collect-community: WARN card-issuing/highnote → 0 community items qualified (of 1 sources); non-community evidence preserved
collect-community: WARN card-issuing/adyen-issuing → 0 community items qualified (of 3 sources); non-community evidence preserved
+ pnpm pipeline collect-community --category tax-automation
$ tsx pipeline/cli.ts collect-community --category tax-automation
collect-community: tax-automation/stripe-tax → 11 items from 9 sources
collect-community: tax-automation/avalara → 1 items from 2 sources
collect-community: WARN tax-automation/anrok → 0 community items qualified (of 5 sources); non-community evidence preserved
collect-community: tax-automation/taxjar → 1 items from 6 sources
collect-community: WARN tax-automation/numeral → 0 community items qualified (of 5 sources); non-community evidence preserved
collect-community: WARN tax-automation/kintsugi → 0 community items qualified (of 5 sources); non-community evidence preserved
+ pnpm pipeline collect-community --category marketplace-payments
$ tsx pipeline/cli.ts collect-community --category marketplace-payments
collect-community: marketplace-payments/stripe-connect → 13 items from 8 sources
collect-community: WARN marketplace-payments/adyen-for-platforms → 0 community items qualified (of 5 sources); non-community evidence preserved
collect-community: marketplace-payments/finix → 4 items from 7 sources
collect-community: marketplace-payments/mangopay → 6 items from 6 sources
collect-community: WARN marketplace-payments/rainforest → 0 community items qualified (of 6 sources); non-community evidence preserved
collect-community: WARN marketplace-payments/tilled → 0 community items qualified (of 2 sources); non-community evidence preserved
+ echo PROBE_COMMUNITY_THREE_DONE
PROBE_COMMUNITY_THREE_DONE
