// Vitest Snapshot v1, https://vitest.dev/guide/snapshot.html

exports[`end-to-end: Incorporate C-Corp (company-launch playbook) > step rankings + process leaderboard + a temporarily-human step with computer-use options 1`] = `
{
  "bestPerStep": [
    {
      "nodeId": "n4",
      "score": 57,
      "top": "beglaubigt",
    },
    {
      "nodeId": "n6",
      "score": 70,
      "top": "docusign",
    },
    {
      "nodeId": "n7",
      "score": 80,
      "top": "docusign",
    },
  ],
  "computerUse": [],
  "leaderboard": [
    {
      "arenaId": "legal-ops",
      "processScore": 56,
      "productId": "docusign",
      "stepsServed": 3,
    },
    {
      "arenaId": "legal-ops",
      "processScore": 54.5,
      "productId": "stripe-atlas",
      "stepsServed": 3,
    },
    {
      "arenaId": "legal-ops",
      "processScore": 52.6,
      "productId": "clerky",
      "stepsServed": 3,
    },
    {
      "arenaId": "legal-ops",
      "processScore": 31,
      "productId": "beglaubigt",
      "stepsServed": 3,
    },
    {
      "arenaId": "legal-ops",
      "processScore": 29.8,
      "productId": "ironclad",
      "stepsServed": 3,
    },
    {
      "arenaId": "legal-ops",
      "processScore": 13.5,
      "productId": "legalzoom",
      "stepsServed": 3,
    },
    {
      "arenaId": "legal-ops",
      "processScore": 9.3,
      "productId": "firstbase",
      "stepsServed": 3,
    },
  ],
  "rankableSteps": 3,
  "stepRankings": [
    {
      "label": "Choose formation service",
      "nodeId": "n1",
      "ranked": null,
    },
    {
      "label": "Check name availability",
      "nodeId": "n3",
      "ranked": null,
    },
    {
      "label": "Submit incorporation filing",
      "nodeId": "n4",
      "ranked": [
        "beglaubigt:57",
        "clerky:52.3",
        "stripe-atlas:38.6",
        "ironclad:31.5",
        "docusign:18",
        "legalzoom:14.6",
        "firstbase:7.7",
      ],
    },
    {
      "label": "Receive Certificate of Incorporation",
      "nodeId": "n5",
      "ranked": null,
    },
    {
      "label": "Adopt bylaws & initial resolutions",
      "nodeId": "n6",
      "ranked": [
        "docusign:70",
        "clerky:56",
        "stripe-atlas:45",
        "ironclad:22",
        "beglaubigt:18",
        "legalzoom:17",
        "firstbase:13.5",
      ],
    },
    {
      "label": "Issue founder stock",
      "nodeId": "n7",
      "ranked": [
        "docusign:80",
        "stripe-atlas:80",
        "clerky:49.5",
        "ironclad:36",
        "beglaubigt:18",
        "legalzoom:9",
        "firstbase:6.7",
      ],
    },
    {
      "label": "File 83(b) election with the IRS",
      "nodeId": "n8",
      "ranked": null,
    },
  ],
  "task": "form_001",
  "totalSteps": 7,
}
`;

exports[`end-to-end: Incorporate C-Corp (company-launch playbook) > temporarily-human steps carry ranked, verdict-backed computer-use options (corporate tax return) 1`] = `
[
  {
    "label": "CPA prepares return (2-3 weeks)",
    "nodeId": "n4",
    "options": [],
  },
  {
    "label": "Review draft return",
    "nodeId": "n5",
    "options": [
      "ai-assistants/chatgpt:80",
      "ai-assistants/claude:80",
      "browser-agents/stagehand:72.9",
      "browser-agents/smooth:59.7",
      "browser-agents/browser-use:49.7",
      "browser-agents/hyperbrowser:45.4",
      "ai-assistants/copilot:36",
      "ai-assistants/gemini:24",
    ],
  },
  {
    "label": "CPA files return with IRS",
    "nodeId": "n6",
    "options": [
      "ai-assistants/chatgpt:80",
      "ai-assistants/claude:80",
      "browser-agents/stagehand:72.9",
      "browser-agents/smooth:59.7",
      "browser-agents/browser-use:49.7",
      "browser-agents/hyperbrowser:45.4",
      "ai-assistants/copilot:36",
      "ai-assistants/gemini:24",
    ],
  },
]
`;

exports[`end-to-end: launch-website chain (founder ask: key other vendors for every move) > site generation lists ChatGPT (ai-assistants) and Framer/Figma/Canva (design-tools) beside the vibe-coding roster, each evidence-backed 1`] = `
[
  {
    "steps": [
      {
        "extras": [],
        "label": "Search + check availability",
        "nodeId": "n1",
        "primary": null,
      },
    ],
    "task": "domain_001",
  },
  {
    "steps": [
      {
        "extras": [],
        "label": "Quote + checkout (Stripe)",
        "nodeId": "n1",
        "primary": [
          "polar:74",
          "stripe:72.4",
          "paypal:72",
          "paddle:61.3",
          "airwallex:57",
          "mollie:54.4",
          "checkout-com:50.1",
          "square:41.1",
        ],
      },
      {
        "extras": [],
        "label": "Register at Name.com",
        "nodeId": "n2",
        "primary": null,
      },
      {
        "extras": [],
        "label": "Provision DNS/SSL (Cloudflare)",
        "nodeId": "n3",
        "primary": [
          "vercel:78",
          "render:76",
          "netlify:53.6",
          "cloudflare:21.6",
          "railway:10.8",
          "fly-io:0",
        ],
      },
    ],
    "task": "domain_002",
  },
  {
    "steps": [
      {
        "extras": [
          {
            "arena": "ai-assistants",
            "vendors": [
              "chatgpt:84",
              "claude:84",
            ],
          },
          {
            "arena": "design-tools",
            "vendors": [
              "framer:67.3",
              "figma:56",
              "canva:42",
            ],
          },
        ],
        "label": "Generate the website with an agent",
        "nodeId": "n1",
        "primary": [
          "base44:69.2",
          "v0:53.1",
          "floot:43.8",
          "lovable:39.7",
          "bolt:34",
          "replit:30.2",
        ],
      },
      {
        "extras": [],
        "label": "Review the site before it goes live",
        "nodeId": "n3",
        "primary": null,
      },
      {
        "extras": [
          {
            "arena": "vibe-coding",
            "vendors": [
              "lovable:77.7",
              "bolt:71.7",
              "replit:66.7",
              "v0:51",
              "base44:44.7",
              "floot:24",
            ],
          },
        ],
        "label": "Publish to the CDN (edge deploy + SSL)",
        "nodeId": "n2",
        "primary": [
          "vercel:76.9",
          "render:63.7",
          "netlify:50.1",
          "cloudflare:39",
          "railway:35.6",
          "fly-io:19.5",
        ],
      },
    ],
    "task": "site_001",
  },
  {
    "steps": [
      {
        "extras": [],
        "label": "Search domain availability",
        "nodeId": "n1",
        "primary": null,
      },
      {
        "extras": [],
        "label": "Register domain",
        "nodeId": "n2",
        "primary": null,
      },
      {
        "extras": [],
        "label": "Transfer DNS to Cloudflare",
        "nodeId": "n3",
        "primary": [
          "vercel:90",
          "netlify:80",
          "render:70",
          "cloudflare:0",
          "railway:0",
          "fly-io:0",
        ],
      },
      {
        "extras": [],
        "label": "Configure DNS records",
        "nodeId": "n4",
        "primary": [
          "vercel:78",
          "render:76",
          "netlify:53.6",
          "cloudflare:21.6",
          "railway:10.8",
          "fly-io:0",
        ],
      },
      {
        "extras": [],
        "label": "Add domain to Vercel",
        "nodeId": "n5",
        "primary": [
          "vercel:90",
          "netlify:80",
          "render:70",
          "cloudflare:0",
          "railway:0",
          "fly-io:0",
        ],
      },
      {
        "extras": [],
        "label": "Verify SSL",
        "nodeId": "n6",
        "primary": [
          "render:80",
          "vercel:70",
          "cloudflare:36",
          "netlify:36",
          "railway:18",
          "fly-io:0",
        ],
      },
    ],
    "task": "prod_003",
  },
  {
    "steps": [
      {
        "extras": [],
        "label": "Create PostHog project",
        "nodeId": "n1",
        "primary": [
          "posthog:87.1",
          "amplitude:65.7",
          "mixpanel:41.1",
          "plausible:30",
        ],
      },
      {
        "extras": [
          {
            "arena": "ai-coding",
            "vendors": [
              "cursor:87.3",
              "cline:70.9",
              "opencode:70.7",
              "codex:70.7",
              "aider:70.2",
              "claude-code:65.8",
              "github-copilot:65.5",
              "antigravity:50.9",
            ],
          },
        ],
        "label": "Install SDK in codebase",
        "nodeId": "n2",
        "primary": null,
      },
      {
        "extras": [],
        "label": "Define key events",
        "nodeId": "n3",
        "primary": [
          "amplitude:69",
          "posthog:47.3",
          "plausible:44.3",
          "mixpanel:30",
        ],
      },
      {
        "extras": [],
        "label": "Create dashboards",
        "nodeId": "n4",
        "primary": [
          "posthog:77.1",
          "mixpanel:49.7",
          "amplitude:38",
          "plausible:17.1",
        ],
      },
      {
        "extras": [],
        "label": "Set up funnels",
        "nodeId": "n5",
        "primary": [
          "mixpanel:80",
          "plausible:75",
          "posthog:63",
          "amplitude:61",
        ],
      },
      {
        "extras": [],
        "label": "Enable session recording",
        "nodeId": "n6",
        "primary": [
          "amplitude:84",
          "mixpanel:31.2",
          "posthog:14.4",
        ],
      },
    ],
    "task": "prod_005",
  },
]
`;
