// Vitest Snapshot v1, https://vitest.dev/guide/snapshot.html

exports[`end-to-end: Incorporate C-Corp (company-launch playbook) > step rankings + process leaderboard + a temporarily-human step with computer-use options 1`] = `
{
  "bestPerStep": [
    {
      "nodeId": "n4",
      "score": 57,
      "top": "beglaubigt",
    },
    {
      "nodeId": "n6",
      "score": 70,
      "top": "docusign",
    },
    {
      "nodeId": "n7",
      "score": 80,
      "top": "docusign",
    },
  ],
  "computerUse": [],
  "leaderboard": [
    {
      "arenaId": "legal-ops",
      "processScore": 56,
      "productId": "docusign",
      "stepsServed": 3,
    },
    {
      "arenaId": "legal-ops",
      "processScore": 54.5,
      "productId": "stripe-atlas",
      "stepsServed": 3,
    },
    {
      "arenaId": "legal-ops",
      "processScore": 52.6,
      "productId": "clerky",
      "stepsServed": 3,
    },
    {
      "arenaId": "legal-ops",
      "processScore": 31,
      "productId": "beglaubigt",
      "stepsServed": 3,
    },
    {
      "arenaId": "legal-ops",
      "processScore": 29.8,
      "productId": "ironclad",
      "stepsServed": 3,
    },
    {
      "arenaId": "legal-ops",
      "processScore": 13.5,
      "productId": "legalzoom",
      "stepsServed": 3,
    },
    {
      "arenaId": "legal-ops",
      "processScore": 9.3,
      "productId": "firstbase",
      "stepsServed": 3,
    },
  ],
  "rankableSteps": 3,
  "stepRankings": [
    {
      "label": "Choose formation service",
      "nodeId": "n1",
      "ranked": null,
    },
    {
      "label": "Check name availability",
      "nodeId": "n3",
      "ranked": null,
    },
    {
      "label": "Submit incorporation filing",
      "nodeId": "n4",
      "ranked": [
        "beglaubigt:57",
        "clerky:52.3",
        "stripe-atlas:38.6",
        "ironclad:31.5",
        "docusign:18",
        "legalzoom:14.6",
        "firstbase:7.7",
      ],
    },
    {
      "label": "Receive Certificate of Incorporation",
      "nodeId": "n5",
      "ranked": null,
    },
    {
      "label": "Adopt bylaws & initial resolutions",
      "nodeId": "n6",
      "ranked": [
        "docusign:70",
        "clerky:56",
        "stripe-atlas:45",
        "ironclad:22",
        "beglaubigt:18",
        "legalzoom:17",
        "firstbase:13.5",
      ],
    },
    {
      "label": "Issue founder stock",
      "nodeId": "n7",
      "ranked": [
        "docusign:80",
        "stripe-atlas:80",
        "clerky:49.5",
        "ironclad:36",
        "beglaubigt:18",
        "legalzoom:9",
        "firstbase:6.7",
      ],
    },
    {
      "label": "File 83(b) election with IRS",
      "nodeId": "n8",
      "ranked": null,
    },
  ],
  "task": "form_001",
  "totalSteps": 7,
}
`;

exports[`end-to-end: Incorporate C-Corp (company-launch playbook) > temporarily-human steps carry ranked, verdict-backed computer-use options (corporate tax return) 1`] = `
[
  {
    "label": "CPA prepares return (2-3 weeks)",
    "nodeId": "n4",
    "options": [],
  },
  {
    "label": "Review draft return",
    "nodeId": "n5",
    "options": [
      "ai-assistants/chatgpt:80",
      "ai-assistants/claude:80",
      "browser-agents/stagehand:72.9",
      "browser-agents/smooth:59.7",
      "browser-agents/browser-use:49.7",
      "browser-agents/hyperbrowser:45.4",
      "ai-assistants/copilot:36",
      "ai-assistants/gemini:24",
    ],
  },
  {
    "label": "CPA files return with IRS",
    "nodeId": "n6",
    "options": [
      "ai-assistants/chatgpt:80",
      "ai-assistants/claude:80",
      "browser-agents/stagehand:72.9",
      "browser-agents/smooth:59.7",
      "browser-agents/browser-use:49.7",
      "browser-agents/hyperbrowser:45.4",
      "ai-assistants/copilot:36",
      "ai-assistants/gemini:24",
    ],
  },
]
`;
